1
73
509
1127
108
824
753
213
2055
39
1724
408
1368
4881
4177
1257
2869
4205
4381
123
1631
4906
454
2518
238
4382
702
292
3436
508
1896
3128
7937
4993
1361
7465
6969
none
none
2389
4821
6517
6029
2381
none
3261
none
4699
none
3471
3615
none
3914
6278
5062
6678
6294
none
1654
2062
none
5460
1612
2492
none
4776
2104
none
6737
none
7977
281
none
none
8133
3621
3405
5661
3133
6141
131
none
none
5923
4051
4747
none
none
none
none
231
none
2071
none
none
none
1951
3039
none
8066
none
none
4754
7250
2858
none
none
3226
none
1978
none
6630
none
none
none
none
5150
none
5758
2244
none
none
1804
none
3244
988
none
8088
1464
6648
none
none
none
none
7617
none
none
none
5041
none
4649
7977
none
4953
none
none
none
none
none
none
none
none
none
2221
none
none
none
none
none
none
5501
none
none
none
none
none
none
none
none
none
none
none
none
none
1831
4455
none
none
none
none
4727
none
none
none
6719
4031
6783
4482
5442
1474
none
none
none
none
5322
none
none
none
none
none
none
none
none
none
none
none
none
none
none
none
none
none
none
none
7460
none
none
6900
none
none
none
none
none
none
none
2172
none
none
2088
none
none
2832
1808
none
none
none
none
none
none
none
none
none
1185
none
none
none
none
none
none
none
none
none
none
none
none
none
none
1641
none
none
none
none
none
none
none
none
none
none
none
2085
4261
none
none
none
none
none
none
none
none
none
none
none
none
none
none
none
none
none
none
none
none
none
none
none
none
none
none
none
none
none
none
none
none
none
none
none
none
none
none
4531
none
none
none
none
none
none
none
none
none
none
none
none
none
none
none
none
none
775
none
none
1559
none
7063
none
none
none
none
none
none
none
4623
none
3759
none
none
none
none
none
none
none
none
none
none
none
none
none
none
none
none
none
none
none
none
none
none
none
none
1746
none
none
none
none
none
none
none
none
none
none
none
none
none
none
none
none
none
none
none
none
none
none
none
none
6906
none
none
5126
none
none
none
none
none
none
none
none
none
none
none
none
none
6134
none
782
none
none
none
942
none
none
none
none
none
none
none
none
none
none
none
none
1796
none
none
none
none
none
none
none
none
none
none
none
none
none
none
none
none
none
none
none
none
none
3756
none
none
none
none
none
none
none
none
none
none
none
none
none
none
none
none
none
none
none
none
none
none
none
none
none
none
none
none
none
none
none
none
432
none
none
none
none
6304
none
none
none
none
none
none
none
none
none
none
none
none
none
none
7841
none
none
none
none
none
none
none
none
none
none
none
none
none
none
none
none
none
none
1745
none
none
none
none
none
none
none
none
none
none
none
none
none
none
none
none
none
none
none
none
none
none
none
none
none
none
none
none
none
none
none
none
none
none
none
none
none
none
none
none
none
none
none
none
none
none
none
2085
none
none
none
none
6309
2469
none
none
none
none
none
none
none
none
none
none
none
none
none
none
none
none
none
none
none
none
none
none
none
none
none
none
none
none
none
none
none
none
none
none
none
none
none
none
none
none
none
none
none
none
none
none
none
none
none
none
none
none
none
none
none
none
none
6077
none
none
none
none
none
none
none
none
none
none
none
none
none
none
none
none
none
none
none
none
none
none
none
none
none
3027
none
none
none
none
none
none
none
none
none
none
none
none
none
none
none
none
none
none
none
none
none
none
none
none
none
none
4379
none
none
3803
none
none
none
none
none
none
none
none
none
none
none
none
none
none
none
none
none
none
none
none
none
none
none
5719
none
none
none
none
none
none
none
none
none
none
none
none
none
none
none
none
none
none
none
none
6863
none
none
none
none
none
none
none
none
none
none
none
none
none
none
none
none
none
none
none
none
none
none
none
none
none
none
none
none
none
none
none
none
none
none
none
none
none
none
none
none
none
none
none
none
none
none
none
none
none
none
none
none
none
none
none
none
none
none
none
none
none
none
none
none
none
none
none
none
none
none
none
none
none
none
none
none
3334
none
none
none
none
none
none
none
none
none
none
none
none
none
none
5910
none
none
none
none
none
none
none
none
none
none
none
none
none
none
none
none
none
none
none
none
none
none
none
none
none
none
none
none
none
none
none
none
none
none
none
none
none
none
none
none
none
none
none
none
none
none
none
none
none
none
none
none
none
none
none
none
none
none
none
none
none
none
none
none
none
none
none
none
none
none
none
none
none
none
none
none
none
none
none
none
none
none
none
none
none
none
none
none
none
none
none
none
none
none
none
none
none
none
none
none
none
none
none
none
none
none
none
none
none
none
none
none
none
none
none
none
none
none
none
none
none
none
none
none
none
none
6168
none
none
none
none
none
none
none
none
none
none
7224
none
none
none
none
none
none
none
none
none
none
none
none
none
none
none
none
none
none
none
none
none
none
2032
none
none
none
none
none
none
none
none
none
none
none
